TX,1,0x03,"01 03 00 00 00 02 65 CB",1,TX,1,0x03,"01 03 00 00 00 02 65 CB",1,
